CRISTOFOLI EQUIP BIOSSEGURANCA LTDA 
SUP2850                              RELATORIO DE A.R. EM INSPECAO NO PERIODO               01/01/2025 ATE                                              FL.   1
                                                                                                                      EXTRAIDO EM 24/10/2025  AS  15:30:07 HRS.

DT.ENTR.   NUMERO SEQ.            COD.                        UND.                       QUANTIDADE                              DT.LIMITE   OBJETIVO    NUMERO
NO C.Q.      A.R. A.R.        MATERIAL            DENOMINACAO MED.          NR.NF.         RECEBIDA    PRECO TOTAL FORNECEDOR     INSPECAO   MATERIAL      O.C.
-------- -------- ---- --------------- ---------------------- ---- --------------- ---------------- -------------- ------------ ---------- ---------- ---------
24/10/25   230007    1 RCO.00015       SUPORTE EMBALAGEM ESTE UN               226          150,000        4942,50 SENA SOLDA   25/10/2025 RECEB      1071299
























































* * * ULTIMA FOLHA * * *

